// Jest Snapshot v1, https://goo.gl/fbAQLP

exports[`TertiaryButton renders correctly 1`] = `
<View
  accessible={true}
  focusable={false}
  onClick={[Function]}
  onResponderGrant={[Function]}
  onResponderMove={[Function]}
  onResponderRelease={[Function]}
  onResponderTerminate={[Function]}
  onResponderTerminationRequest={[Function]}
  onStartShouldSetResponder={[Function]}
  style={
    Object {
      "opacity": 1,
    }
  }
>
  <Text
    style={
      Object {
        "color": "#242424",
        "fontSize": 28.285714285714285,
      }
    }
  >
    Tertiary Button
  </Text>
</View>
`;
